// Jest Snapshot v1, https://goo.gl/fbAQLP

exports[`renders without crashing 1`] = `
<div
  className="App"
>
  <div
    className="ui inverted top fixed menu"
  >
    <div
      className="ui container"
    >
      <a
        aria-current="true"
        className="header item active"
        href="/"
        onClick={[Function]}
        style={Object {}}
      >
        Readable
      </a>
      <a
        aria-current={false}
        className="item"
        href="/categories/react"
        onClick={[Function]}
        style={undefined}
      >
        react
      </a>
      <a
        aria-current={false}
        className="item"
        href="/categories/redux"
        onClick={[Function]}
        style={undefined}
      >
        redux
      </a>
      <a
        aria-current={false}
        className="item"
        href="/categories/udacity"
        onClick={[Function]}
        style={undefined}
      >
        udacity
      </a>
    </div>
  </div>
  <div
    className="ui text container"
    style={
      Object {
        "marginTop": "7em",
      }
    }
  >
    <h1>
      Ol√° mundo
    </h1>
  </div>
</div>
`;
