// Jest Snapshot v1, https://goo.gl/fbAQLP

exports[`CategoriesBar component renders CategoriesBar component correctly 1`] = `null`;
