// Jest Snapshot v1, https://goo.gl/fbAQLP

exports[`renders without crashing 1`] = `
<div
  className="App"
>
  <div
    className="ui inverted top fixed menu"
  >
    <div
      className="ui container"
    >
      <a
        aria-current="true"
        className="header item active"
        href="/"
        onClick={[Function]}
        style={Object {}}
      >
        Readable
      </a>
    </div>
  </div>
  <div
    className="ui text container"
    style={
      Object {
        "marginTop": "7em",
      }
    }
  />
</div>
`;
